12:17:37 **** Build of configuration Debug for project BRAM_Test ****
make all 
make --no-print-directory pre-build
a9-linaro-pre-build-step
' '
make --no-print-directory main-build
'Building file: ../src/helloworld.c'
'Invoking: ARM v7 gcc compiler'
arm-none-eabi-gcc -Wall -O0 -g3 -c -fmessage-length=0 -MT"src/helloworld.o" -mcpu=cortex-a9 -mfpu=vfpv3 -mfloat-abi=hard -IC:/Users/linji/FPGA_Test_DDR/design_1_wrapper_1/export/design_1_wrapper_1/sw/design_1_wrapper_1/domain_ps7_cortexa9_0/bspinclude/include -MMD -MP -MF"src/helloworld.d" -MT"src/helloworld.o" -o "src/helloworld.o" "../src/helloworld.c"
../src/helloworld.c:59: warning: "XPAR_BRAM_0_BASEADDR" redefined
   59 | #define XPAR_BRAM_0_BASEADDR  XPAR_AXI_BRAM_CTRL_0_S_AXI_BASEADDR
      | 
In file included from C:/Users/linji/FPGA_Test_DDR/design_1_wrapper_1/export/design_1_wrapper_1/sw/design_1_wrapper_1/domain_ps7_cortexa9_0/bspinclude/include/xil_printf.h:12,
                 from ../src/helloworld.c:50:
C:/Users/linji/FPGA_Test_DDR/design_1_wrapper_1/export/design_1_wrapper_1/sw/design_1_wrapper_1/domain_ps7_cortexa9_0/bspinclude/include/xparameters.h:69: note: this is the location of the previous definition
   69 | #define XPAR_BRAM_0_BASEADDR 0x40000000U
      | 
../src/helloworld.c: In function 'main':
C:/Users/linji/FPGA_Test_DDR/design_1_wrapper_1/export/design_1_wrapper_1/sw/design_1_wrapper_1/domain_ps7_cortexa9_0/bspinclude/include/xparameters.h:280:30: warning: unsigned conversion from 'int' to 'u16' {aka 'short unsigned int'} changes value from '1092616192' to '0' [-Woverflow]
  280 | #define XPAR_GPIO_0_BASEADDR 0x41200000
      |                              ^~~~~~~~~~
../src/helloworld.c:76:35: note: in expansion of macro 'XPAR_GPIO_0_BASEADDR'
   76 |  Status = XGpio_Initialize(&Gpio, XPAR_GPIO_0_BASEADDR);
      |                                   ^~~~~~~~~~~~~~~~~~~~
../src/helloworld.c:122:3: warning: implicit declaration of function 'sleep' [-Wimplicit-function-declaration]
  122 |   sleep(1);
      |   ^~~~~
'Finished building: ../src/helloworld.c'
' '
'Building file: ../src/platform.c'
'Invoking: ARM v7 gcc compiler'
arm-none-eabi-gcc -Wall -O0 -g3 -c -fmessage-length=0 -MT"src/platform.o" -mcpu=cortex-a9 -mfpu=vfpv3 -mfloat-abi=hard -IC:/Users/linji/FPGA_Test_DDR/design_1_wrapper_1/export/design_1_wrapper_1/sw/design_1_wrapper_1/domain_ps7_cortexa9_0/bspinclude/include -MMD -MP -MF"src/platform.d" -MT"src/platform.o" -o "src/platform.o" "../src/platform.c"
'Finished building: ../src/platform.c'
' '
'Building target: BRAM_Test.elf'
'Invoking: ARM v7 gcc linker'
arm-none-eabi-gcc -mcpu=cortex-a9 -mfpu=vfpv3 -mfloat-abi=hard -Wl,-build-id=none -specs=Xilinx.spec -Wl,-T -Wl,../src/lscript.ld -LC:/Users/linji/FPGA_Test_DDR/design_1_wrapper_1/export/design_1_wrapper_1/sw/design_1_wrapper_1/domain_ps7_cortexa9_0/bsplib/lib -o "BRAM_Test.elf"  ./src/helloworld.o ./src/platform.o   -Wl,--start-group,-lxil,-lgcc,-lc,--end-group
'Finished building target: BRAM_Test.elf'
' '
'Invoking: ARM v7 Print Size'
arm-none-eabi-size BRAM_Test.elf  |tee "BRAM_Test.elf.size"
   text	   data	    bss	    dec	    hex	filename
  23644	   1232	  22584	  47460	   b964	BRAM_Test.elf
'Finished building: BRAM_Test.elf.size'
' '

12:17:43 Build Finished (took 5s.92ms)

